{
  "custom_plugin_paths": [],
  "exclude": {
    "files": "^.secrets.baseline$",
    "lines": null
  },
  "generated_at": "2022-03-09T11:44:08Z",
  "plugins_used": [
    {
      "name": "AWSKeyDetector"
    },
    {
      "name": "ArtifactoryDetector"
    },
    {
      "name": "BasicAuthDetector"
    },
    {
      "name": "BasicENCDetector"
    },
    {
      "name": "BasicOauthDetector"
    },
    {
      "name": "BotManagerDetector"
    },
    {
      "name": "CloudantDetector"
    },
    {
      "name": "IbmCloudIamDetector"
    },
    {
      "name": "IbmCosHmacDetector"
    },
    {
      "name": "JwtTokenDetector"
    },
    {
      "keyword_exclude": null,
      "name": "KeywordDetector"
    },
    {
      "keyword_exclude": null,
      "name": "KeywordXMLDetector"
    },
    {
      "name": "MailchimpDetector"
    },
    {
      "name": "PrivateKeyDetector"
    },
    {
      "name": "SlackDetector"
    },
    {
      "name": "SoftlayerDetector"
    },
    {
      "name": "StripeDetector"
    },
    {
      "name": "TwilioKeyDetector"
    }
  ],
  "results": {},
  "version": "1.3.1",
  "word_list": {
    "file": null,
    "hash": null
  }
}